IQ-TREE version 3.1.2 for MacOS ARM 64-bit built May 17 2026
Developed by Bui Quang Minh, Thomas Wong, Nhan Ly-Trong, Huaiyan Ren
Contributed by Lam-Tung Nguyen, Dominik Schrempf, Chris Bielow,
Olga Chernomor, Michael Woodhams, Diep Thi Hoang, Heiko Schmidt

Host:    Mac (SSE4.2, 36 GB RAM)
Command: iqtree3 -s outputs/phylo/dde_tree/dde_superfamily_consensus.fa -st AA -m LG+G4 -fast -nt 4 -pre outputs/phylo/dde_tree/dde_superfamily
Seed:    392510 (Using SPRNG - Scalable Parallel Random Number Generator)
Time:    Sat Jul 11 23:32:47 2026
Kernel:  SSE2 - 4 threads (12 CPU cores detected)

Reading alignment file outputs/phylo/dde_tree/dde_superfamily_consensus.fa ... Fasta format detected
Reading fasta file: done in 0.000728846 secs using 58.17% CPU
Alignment most likely contains protein sequences
Constructing alignment: done in 0.00129795 secs using 63.79% CPU
Alignment has 15 sequences with 2336 columns, 1210 distinct patterns
134 parsimony-informative, 831 singleton sites, 1371 constant sites
Analyzing sequences: done in 0.000216961 secs using 38.26% CPU
WARNING: 15 sequences contain more than 50% gaps/ambiguity
Checking for duplicate sequences: done in 7.89165e-05 secs using 89.97% CPU

Create initial parsimony tree by phylogenetic likelihood library (PLL)... 0.00 seconds

NOTE: 11 MB RAM (0 GB) is required!
Estimate model parameters (epsilon = 0.50)
1. Initial log-likelihood: -19979.27
2. Current log-likelihood: -15620.61
3. Current log-likelihood: -15611.51
4. Current log-likelihood: -15609.02
5. Current log-likelihood: -15607.32
6. Current log-likelihood: -15606.14
7. Current log-likelihood: -15605.44
Optimal log-likelihood: -15604.81
Gamma shape alpha: 1.89
Parameters optimization took 7 rounds (0.30 sec)
Wrote distance file to... 
Computing ML distances based on estimated model parameters...
Calculating distance matrix: done in 0.0176921 secs using 363.5% CPU
Computing ML distances took 0.017799 sec (of wall-clock time) 0.064406 sec (of CPU time)
WARNING: Some pairwise ML distances are too long (saturated)
Setting up auxiliary I and S matrices: done in 3.19481e-05 secs using 181.5% CPU
Constructing RapidNJ tree: done in 0.000348091 secs using 43.38% CPU
Computing RapidNJ tree took 0.000405 sec (of wall-clock time) 0.000226 sec (of CPU time)
Log-likelihood of RapidNJ tree: -15591.003
--------------------------------------------------------------------
|             INITIALIZING CANDIDATE TREE SET                      |
--------------------------------------------------------------------

Do NNI search on 2 best initial trees
Estimate model parameters (epsilon = 0.500)
BETTER TREE FOUND at iteration 1: -15581.818
Estimate model parameters (epsilon = 0.500)
BETTER TREE FOUND at iteration 2: -15579.539
Finish initializing candidate tree set (4)
Current best tree score: -15579.539 / CPU time: 0.812
Number of iterations: 2
TREE SEARCH COMPLETED AFTER 2 ITERATIONS / Time: 0h:0m:1s

--------------------------------------------------------------------
|                    FINALIZING TREE SEARCH                        |
--------------------------------------------------------------------
Performs final model parameters optimization
Estimate model parameters (epsilon = 0.050)
1. Initial log-likelihood: -15579.539
Optimal log-likelihood: -15579.470
Gamma shape alpha: 2.072
Parameters optimization took 1 rounds (0.021 sec)
BEST SCORE FOUND : -15579.470
Total tree length: 70.927

Total number of iterations: 2
CPU time used for tree search: 2.248 sec (0h:0m:2s)
Wall-clock time used for tree search: 0.813 sec (0h:0m:0s)
Total CPU time used: 3.466 sec (0h:0m:3s)
Total wall-clock time used: 1.232 sec (0h:0m:1s)

Analysis results written to: 
  IQ-TREE report:                outputs/phylo/dde_tree/dde_superfamily.iqtree
  Maximum-likelihood tree:       outputs/phylo/dde_tree/dde_superfamily.treefile
  Likelihood distances:          outputs/phylo/dde_tree/dde_superfamily.mldist
  Screen log file:               outputs/phylo/dde_tree/dde_superfamily.log

Date and Time: Sat Jul 11 23:32:48 2026
